E:\postgrad\SEECS\Thesis\ShortestPath\Virtex6\Tasks\serial_bf16x16\Design\implementation\system.ngc 1372572671
E:/postgrad/SEECS/Thesis/ShortestPath/Virtex6/Tasks/serial_bf16x16/Design/implementation/rs232_uart_1_wrapper.ngc 1372572565
E:/postgrad/SEECS/Thesis/ShortestPath/Virtex6/Tasks/serial_bf16x16/Design/implementation/proc_sys_reset_0_wrapper.ngc 1372572565
E:/postgrad/SEECS/Thesis/ShortestPath/Virtex6/Tasks/serial_bf16x16/Design/implementation/clock_generator_0_wrapper.ngc 1372572616
E:/postgrad/SEECS/Thesis/ShortestPath/Virtex6/Tasks/serial_bf16x16/Design/implementation/microblaze_0_ilmb_wrapper.ngc 1372572565
E:/postgrad/SEECS/Thesis/ShortestPath/Virtex6/Tasks/serial_bf16x16/Design/implementation/microblaze_0_dlmb_wrapper.ngc 1372572565
E:/postgrad/SEECS/Thesis/ShortestPath/Virtex6/Tasks/serial_bf16x16/Design/implementation/axi4lite_0_wrapper.ngc 1372572620
E:/postgrad/SEECS/Thesis/ShortestPath/Virtex6/Tasks/serial_bf16x16/Design/implementation/axi4_0_wrapper.ngc 1372572565
E:/postgrad/SEECS/Thesis/ShortestPath/Virtex6/Tasks/serial_bf16x16/Design/implementation/microblaze_0_wrapper.ngc 1372572565
E:/postgrad/SEECS/Thesis/ShortestPath/Virtex6/Tasks/serial_bf16x16/Design/implementation/microblaze_0_i_bram_ctrl_wrapper.ngc 1372572565
E:/postgrad/SEECS/Thesis/ShortestPath/Virtex6/Tasks/serial_bf16x16/Design/implementation/microblaze_0_d_bram_ctrl_wrapper.ngc 1372572565
E:/postgrad/SEECS/Thesis/ShortestPath/Virtex6/Tasks/serial_bf16x16/Design/implementation/debug_module_wrapper.ngc 1372572565
E:/postgrad/SEECS/Thesis/ShortestPath/Virtex6/Tasks/serial_bf16x16/Design/implementation/leds_8bits_wrapper.ngc 1372572565
E:/postgrad/SEECS/Thesis/ShortestPath/Virtex6/Tasks/serial_bf16x16/Design/implementation/bf_16x16_0_wrapper.ngc 1372572565
E:/postgrad/SEECS/Thesis/ShortestPath/Virtex6/Tasks/serial_bf16x16/Design/implementation/BRAM_0.ngc 1372001541
E:/postgrad/SEECS/Thesis/ShortestPath/Virtex6/Tasks/serial_bf16x16/Design/implementation/axi_timer_0_wrapper.ngc 1372572611
E:/postgrad/SEECS/Thesis/ShortestPath/Virtex6/Tasks/serial_bf16x16/Design/implementation/ddr3_sdram_wrapper.ngc 1372572565
E:/postgrad/SEECS/Thesis/ShortestPath/Virtex6/Tasks/serial_bf16x16/Design/implementation/microblaze_0_bram_block_wrapper.ngc 1372572565
OK
